00:00 +0: loading /app/test/widget_test.dart                                                                                                                                                           00:01 +0: loading /app/test/widget_test.dart                                                                                                                                                           00:02 +0: loading /app/test/widget_test.dart                                                                                                                                                           00:03 +0: loading /app/test/widget_test.dart                                                                                                                                                           00:04 +0: loading /app/test/widget_test.dart                                                                                                                                                           00:05 +0: loading /app/test/widget_test.dart                                                                                                                                                           00:06 +0: loading /app/test/widget_test.dart                                                                                                                                                           00:07 +0: loading /app/test/widget_test.dart                                                                                                                                                           00:08 +0: loading /app/test/widget_test.dart                                                                                                                                                           00:09 +0: loading /app/test/widget_test.dart                                                                                                                                                           00:09 +0: (setUpAll)                                                                                                                                                                                   00:09 +0: App smoke test                                                                                                                                                                               00:10 +0: App smoke test                                                                                                                                                                               00:10 +1: App smoke test                                                                                                                                                                               00:10 +1: (tearDownAll)                                                                                                                                                                                00:10 +1: All tests passed!
